// Jest Snapshot v1, https://goo.gl/fbAQLP

exports[`Test the highFrequency field of job entity List the jobs with and without highFrequency 1`] = `
Object {
  "job": Array [
    Object {
      "id": 2,
      "isHighFrequency": false,
      "name": "Bla b",
      "status": "queued",
    },
    Object {
      "id": 3,
      "isHighFrequency": false,
      "name": "Bla c",
      "status": "failed",
    },
    Object {
      "id": 4,
      "isHighFrequency": false,
      "name": "Bla d",
      "status": "planned",
    },
    Object {
      "id": 5,
      "isHighFrequency": false,
      "name": "Bla e",
      "status": "cancelled",
    },
  ],
}
`;

exports[`Test the highFrequency field of job entity List the jobs with and without highFrequency 2`] = `
Object {
  "job": Array [
    Object {
      "id": 1,
      "isHighFrequency": true,
      "name": "Bla a",
      "status": "queued",
    },
  ],
}
`;
